Godot Engine v4.7.1.stable.official.a13da4feb - https://godotengine.org

[套件] maintenance_suite
[套件] CardDBValidationSuite
[套件] ContentContractSuite
[套件] DeckBuilderSuite
[套件] maintenance_contracts
[套件] numeric_system_suite
[套件] ArenaDeploymentSuite
[套件] AUDIO_PRESENTATION_SUITE_SCRIPT
ERROR: Signal 'finished' is already connected to given callable 'Node2D(GameAudioManager)::_on_result_announcement_finished' in that object.
   at: connect (core/object/object.cpp:1562)
   GDScript backtrace (most recent call first):
       [0] _finish_terminal_audio_if_ready (res://scripts/audio/game_audio_manager.gd:932)
       [1] finish_match_audio (res://scripts/audio/game_audio_manager.gd:897)
       [2] _end_game (res://scripts/main.gd:2426)
       [3] _check_match_announcements (res://tests/suites/audio_presentation_suite.gd:957)
       [4] run (res://tests/suites/audio_presentation_suite.gd:8)
       [5] _run (res://tests/mechanics_check.gd:52)
       [6] _prepare_suite (res://tests/mechanics_check.gd:81)
[套件] PresentationSuite
[套件] BuildingMinionSuite
[套件] NavigationCollisionSuite
[套件] ActiveSkillSuite
[套件] workbench_suite
[套件] AnimationStateSuite
[套件] cards/sett_animation_suite
[套件] HeroSkillReworkSuite
[SKILL_TIMING] distance=80.0 release_tick=4 collision_tick=4
[SKILL_TIMING] distance=180.0 release_tick=4 collision_tick=6
[套件] CombatTargetingSuite
[套件] GnarSuite
[套件] XinSuite
[套件] GwenSuite
[套件] TwistedFateSuite
[套件] AurelionSolSuite
[套件] MissFortuneSuite
[套件] PixSuite
[套件] ANIVIA_SUITE_SCRIPT
[套件] ProjectileSuite
[套件] network_lifecycle_suite
[套件] workbench_scenario_suite
[套件] building_placement_suite
[套件] payment_suite
[套件] shield_suite
[套件] session_suite
[联机] 连接失败
[联机] 等待对方加载超时
[套件] terminal_state_suite
[套件] CombatBatchSuite
FAIRNESS tick=133 a=0.0 b=0.0 stages=1/1
FAIRNESS_TRACE [{"amount":52.0,"event":"hit_submit","phase":"combatants","segment":0,"source":8707593209668,"target":8709270935773,"tick":133},{"amount":52.0,"event":"hit_submit","phase":"combatants","segment":0,"source":8709270935773,"target":8707593209668,"tick":133},{"amount":0.0,"event":"death_commit","phase":"combatants","segment":-1,"source":-1,"target":8709270935773,"tick":133},{"amount":0.0,"event":"death_commit","phase":"combatants","segment":-1,"source":-1,"target":8707593209668,"tick":133}]
FAIRNESS tick=138 a=0.0 b=0.0 stages=1/1
FAIRNESS_TRACE [{"amount":52.0,"event":"hit_submit","phase":"combatants","segment":0,"source":8711284201693,"target":8712961918956,"tick":138},{"amount":52.0,"event":"hit_submit","phase":"combatants","segment":0,"source":8712961918956,"target":8711284201693,"tick":138},{"amount":0.0,"event":"death_commit","phase":"combatants","segment":-1,"source":-1,"target":8712961918956,"tick":138},{"amount":0.0,"event":"death_commit","phase":"combatants","segment":-1,"source":-1,"target":8711284201693,"tick":138}]
FAIRNESS tick=143 a=0.0 b=0.0 stages=1/1
FAIRNESS_TRACE [{"amount":52.0,"event":"hit_submit","phase":"combatants","segment":0,"source":8716451583156,"target":8714773858284,"tick":143},{"amount":52.0,"event":"hit_submit","phase":"combatants","segment":0,"source":8714773858284,"target":8716451583156,"tick":143},{"amount":0.0,"event":"death_commit","phase":"combatants","segment":-1,"source":-1,"target":8714773858284,"tick":143},{"amount":0.0,"event":"death_commit","phase":"combatants","segment":-1,"source":-1,"target":8716451583156,"tick":143}]
FAIRNESS tick=148 a=0.0 b=0.0 stages=1/1
FAIRNESS_TRACE [{"amount":52.0,"event":"hit_submit","phase":"combatants","segment":0,"source":8719941240712,"target":8718263522484,"tick":148},{"amount":52.0,"event":"hit_submit","phase":"combatants","segment":0,"source":8718263522484,"target":8719941240712,"tick":148},{"amount":0.0,"event":"death_commit","phase":"combatants","segment":-1,"source":-1,"target":8718263522484,"tick":148},{"amount":0.0,"event":"death_commit","phase":"combatants","segment":-1,"source":-1,"target":8719941240712,"tick":148}]
FAIRNESS tick=153 a=0.0 b=0.0 stages=1/1
FAIRNESS_TRACE [{"amount":52.0,"event":"hit_submit","phase":"combatants","segment":0,"source":8721753180040,"target":8723430905814,"tick":153},{"amount":52.0,"event":"hit_submit","phase":"combatants","segment":0,"source":8723430905814,"target":8721753180040,"tick":153},{"amount":0.0,"event":"death_commit","phase":"combatants","segment":-1,"source":-1,"target":8723430905814,"tick":153},{"amount":0.0,"event":"death_commit","phase":"combatants","segment":-1,"source":-1,"target":8721753180040,"tick":153}]
FAIRNESS tick=158 a=0.0 b=0.0 stages=1/1
FAIRNESS_TRACE [{"amount":52.0,"event":"hit_submit","phase":"combatants","segment":0,"source":8725242845142,"target":8726920565085,"tick":158},{"amount":52.0,"event":"hit_submit","phase":"combatants","segment":0,"source":8726920565085,"target":8725242845142,"tick":158},{"amount":0.0,"event":"death_commit","phase":"combatants","segment":-1,"source":-1,"target":8726920565085,"tick":158},{"amount":0.0,"event":"death_commit","phase":"combatants","segment":-1,"source":-1,"target":8725242845142,"tick":158}]
FAIRNESS tick=163 a=0.0 b=0.0 stages=1/1
FAIRNESS_TRACE [{"amount":52.0,"event":"hit_submit","phase":"combatants","segment":0,"source":8730410227859,"target":8728732504413,"tick":163},{"amount":52.0,"event":"hit_submit","phase":"combatants","segment":0,"source":8728732504413,"target":8730410227859,"tick":163},{"amount":0.0,"event":"death_commit","phase":"combatants","segment":-1,"source":-1,"target":8728732504413,"tick":163},{"amount":0.0,"event":"death_commit","phase":"combatants","segment":-1,"source":-1,"target":8730410227859,"tick":163}]
FAIRNESS tick=168 a=0.0 b=0.0 stages=1/1
FAIRNESS_TRACE [{"amount":52.0,"event":"hit_submit","phase":"combatants","segment":0,"source":8733899887628,"target":8732222167187,"tick":168},{"amount":52.0,"event":"hit_submit","phase":"combatants","segment":0,"source":8732222167187,"target":8733899887628,"tick":168},{"amount":0.0,"event":"death_commit","phase":"combatants","segment":-1,"source":-1,"target":8732222167187,"tick":168},{"amount":0.0,"event":"death_commit","phase":"combatants","segment":-1,"source":-1,"target":8733899887628,"tick":168}]
FAIRNESS tick=173 a=0.0 b=0.0 stages=1/1
FAIRNESS_TRACE [{"amount":52.0,"event":"hit_submit","phase":"combatants","segment":0,"source":8737909642252,"target":8739587364411,"tick":173},{"amount":52.0,"event":"hit_submit","phase":"combatants","segment":0,"source":8739587364411,"target":8737909642252,"tick":173},{"amount":0.0,"event":"death_commit","phase":"combatants","segment":-1,"source":-1,"target":8739587364411,"tick":173},{"amount":0.0,"event":"death_commit","phase":"combatants","segment":-1,"source":-1,"target":8737909642252,"tick":173}]
FAIRNESS tick=178 a=0.0 b=0.0 stages=1/1
FAIRNESS_TRACE [{"amount":52.0,"event":"hit_submit","phase":"combatants","segment":0,"source":8741399303180,"target":8743077026137,"tick":178},{"amount":52.0,"event":"hit_submit","phase":"combatants","segment":0,"source":8743077026137,"target":8741399303180,"tick":178},{"amount":0.0,"event":"death_commit","phase":"combatants","segment":-1,"source":-1,"target":8743077026137,"tick":178},{"amount":0.0,"event":"death_commit","phase":"combatants","segment":-1,"source":-1,"target":8741399303180,"tick":178}]
FAIRNESS tick=183 a=0.0 b=0.0 stages=1/1
FAIRNESS_TRACE [{"amount":52.0,"event":"hit_submit","phase":"combatants","segment":0,"source":8746566685274,"target":8744888964108,"tick":183},{"amount":52.0,"event":"hit_submit","phase":"combatants","segment":0,"source":8744888964108,"target":8746566685274,"tick":183},{"amount":0.0,"event":"death_commit","phase":"combatants","segment":-1,"source":-1,"target":8744888964108,"tick":183},{"amount":0.0,"event":"death_commit","phase":"combatants","segment":-1,"source":-1,"target":8746566685274,"tick":183}]
FAIRNESS tick=188 a=0.0 b=0.0 stages=1/1
FAIRNESS_TRACE [{"amount":52.0,"event":"hit_submit","phase":"combatants","segment":0,"source":8750056346695,"target":8748378625036,"tick":188},{"amount":52.0,"event":"hit_submit","phase":"combatants","segment":0,"source":8748378625036,"target":8750056346695,"tick":188},{"amount":0.0,"event":"death_commit","phase":"combatants","segment":-1,"source":-1,"target":8748378625036,"tick":188},{"amount":0.0,"event":"death_commit","phase":"combatants","segment":-1,"source":-1,"target":8750056346695,"tick":188}]
FAIRNESS tick=193 a=0.0 b=0.0 stages=1/1
FAIRNESS_TRACE [{"amount":52.0,"event":"hit_submit","phase":"combatants","segment":0,"source":8751868285964,"target":8753546006590,"tick":193},{"amount":52.0,"event":"hit_submit","phase":"combatants","segment":0,"source":8753546006590,"target":8751868285964,"tick":193},{"amount":0.0,"event":"death_commit","phase":"combatants","segment":-1,"source":-1,"target":8753546006590,"tick":193},{"amount":0.0,"event":"death_commit","phase":"combatants","segment":-1,"source":-1,"target":8751868285964,"tick":193}]
FAIRNESS tick=198 a=0.0 b=0.0 stages=1/1
FAIRNESS_TRACE [{"amount":52.0,"event":"hit_submit","phase":"combatants","segment":0,"source":8755290838028,"target":8756968559645,"tick":198},{"amount":52.0,"event":"hit_submit","phase":"combatants","segment":0,"source":8756968559645,"target":8755290838028,"tick":198},{"amount":0.0,"event":"death_commit","phase":"combatants","segment":-1,"source":-1,"target":8756968559645,"tick":198},{"amount":0.0,"event":"death_commit","phase":"combatants","segment":-1,"source":-1,"target":8755290838028,"tick":198}]
FAIRNESS tick=203 a=0.0 b=0.0 stages=1/1
FAIRNESS_TRACE [{"amount":52.0,"event":"hit_submit","phase":"combatants","segment":0,"source":8760391110154,"target":8758713390092,"tick":203},{"amount":52.0,"event":"hit_submit","phase":"combatants","segment":0,"source":8758713390092,"target":8760391110154,"tick":203},{"amount":0.0,"event":"death_commit","phase":"combatants","segment":-1,"source":-1,"target":8758713390092,"tick":203},{"amount":0.0,"event":"death_commit","phase":"combatants","segment":-1,"source":-1,"target":8760391110154,"tick":203}]
FAIRNESS tick=208 a=0.0 b=0.0 stages=1/1
FAIRNESS_TRACE [{"amount":52.0,"event":"hit_submit","phase":"combatants","segment":0,"source":8763813662140,"target":8762135942156,"tick":208},{"amount":52.0,"event":"hit_submit","phase":"combatants","segment":0,"source":8762135942156,"target":8763813662140,"tick":208},{"amount":0.0,"event":"death_commit","phase":"combatants","segment":-1,"source":-1,"target":8762135942156,"tick":208},{"amount":0.0,"event":"death_commit","phase":"combatants","segment":-1,"source":-1,"target":8763813662140,"tick":208}]
EXTRA_FAIRNESS_TRACE [{"amount":52.0,"event":"hit_submit","phase":"combatants","segment":0,"source":8824798845334,"target":8826476567159,"tick":867},{"amount":52.0,"event":"hit_submit","phase":"combatants","segment":0,"source":8826476567159,"target":8824798845334,"tick":867},{"amount":52.0,"event":"hit_submit","phase":"combatants","segment":1,"source":8824798845334,"target":8826476567159,"tick":882},{"amount":52.0,"event":"hit_submit","phase":"combatants","segment":1,"source":8826476567159,"target":8824798845334,"tick":882},{"amount":52.0,"event":"hit_submit","phase":"combatants","segment":2,"source":8824798845334,"target":8826476567159,"tick":897},{"amount":52.0,"event":"hit_submit","phase":"combatants","segment":2,"source":8826476567159,"target":8824798845334,"tick":897},{"amount":26.0,"event":"hit_submit","phase":"combatants","segment":2,"source":8824798845334,"target":8826476567159,"tick":900},{"amount":26.0,"event":"hit_submit","phase":"combatants","segment":2,"source":8826476567159,"target":8824798845334,"tick":900},{"amount":0.0,"event":"death_commit","phase":"combatants","segment":-1,"source":-1,"target":8826476567159,"tick":900},{"amount":0.0,"event":"death_commit","phase":"combatants","segment":-1,"source":-1,"target":8824798845334,"tick":900}]
EXTRA_FAIRNESS_TRACE [{"amount":52.0,"event":"hit_submit","phase":"combatants","segment":0,"source":8831811721847,"target":8833489443644,"tick":905},{"amount":52.0,"event":"hit_submit","phase":"combatants","segment":0,"source":8833489443644,"target":8831811721847,"tick":905},{"amount":52.0,"event":"hit_submit","phase":"combatants","segment":1,"source":8831811721847,"target":8833489443644,"tick":920},{"amount":52.0,"event":"hit_submit","phase":"combatants","segment":1,"source":8833489443644,"target":8831811721847,"tick":920},{"amount":52.0,"event":"hit_submit","phase":"combatants","segment":2,"source":8831811721847,"target":8833489443644,"tick":935},{"amount":52.0,"event":"hit_submit","phase":"combatants","segment":2,"source":8833489443644,"target":8831811721847,"tick":935},{"amount":26.0,"event":"hit_submit","phase":"combatants","segment":2,"source":8831811721847,"target":8833489443644,"tick":938},{"amount":26.0,"event":"hit_submit","phase":"combatants","segment":2,"source":8833489443644,"target":8831811721847,"tick":938},{"amount":0.0,"event":"death_commit","phase":"combatants","segment":-1,"source":-1,"target":8833489443644,"tick":938},{"amount":0.0,"event":"death_commit","phase":"combatants","segment":-1,"source":-1,"target":8831811721847,"tick":938}]
[套件] TerminalAudioSuite
WARNING: 水晶终局音频缺失：world_nexus_chaos
     at: push_warning (core/variant/variant_utility.cpp:1033)
     GDScript backtrace (most recent call first):
         [0] play_nexus_destruction (res://scripts/audio/game_audio_manager.gd:862)
         [1] finish_match_audio (res://scripts/audio/game_audio_manager.gd:888)
         [2] run (res://tests/suites/terminal_audio_suite.gd:64)
[套件] BuildingExpiryBoundarySuite
EXPIRY_BOUNDARY permutation=0 tick=5 state=[0, 0.0, 100.0, 0.0, true]
EXPIRY_BOUNDARY permutation=1 tick=10 state=[0, 0.0, 100.0, 0.0, true]
EXPIRY_BOUNDARY permutation=2 tick=15 state=[0, 0.0, 100.0, 0.0, true]
EXPIRY_BOUNDARY permutation=3 tick=20 state=[0, 0.0, 100.0, 0.0, true]
EXPIRY_BOUNDARY permutation=4 tick=25 state=[0, 0.0, 100.0, 0.0, true]
EXPIRY_BOUNDARY permutation=5 tick=30 state=[0, 0.0, 100.0, 0.0, true]
EXPIRY_BOUNDARY permutation=6 tick=35 state=[0, 0.0, 100.0, 0.0, true]
EXPIRY_BOUNDARY permutation=7 tick=40 state=[0, 0.0, 100.0, 0.0, true]
EXPIRY_BOUNDARY permutation=8 tick=45 state=[0, 0.0, 100.0, 0.0, true]
EXPIRY_BOUNDARY permutation=9 tick=50 state=[0, 0.0, 100.0, 0.0, true]
EXPIRY_BOUNDARY permutation=10 tick=55 state=[0, 0.0, 100.0, 0.0, true]
EXPIRY_BOUNDARY permutation=11 tick=60 state=[0, 0.0, 100.0, 0.0, true]
EXPIRY_BOUNDARY permutation=12 tick=65 state=[0, 0.0, 100.0, 0.0, true]
EXPIRY_BOUNDARY permutation=13 tick=70 state=[0, 0.0, 100.0, 0.0, true]
EXPIRY_BOUNDARY permutation=14 tick=75 state=[0, 0.0, 100.0, 0.0, true]
EXPIRY_BOUNDARY permutation=15 tick=80 state=[0, 0.0, 100.0, 0.0, true]
[套件] KnockbackBoundarySuite
[套件] ShurimaGuardSuite
[机制检查] 全部通过（3564 项断言）
[MECHANICS_RESULT] {"checks":3564,"completed_suites":["maintenance_suite","CardDBValidationSuite","ContentContractSuite","DeckBuilderSuite","maintenance_contracts","numeric_system_suite","ArenaDeploymentSuite","AUDIO_PRESENTATION_SUITE_SCRIPT","PresentationSuite","BuildingMinionSuite","NavigationCollisionSuite","ActiveSkillSuite","workbench_suite","AnimationStateSuite","cards/sett_animation_suite","HeroSkillReworkSuite","CombatTargetingSuite","GnarSuite","XinSuite","GwenSuite","TwistedFateSuite","AurelionSolSuite","MissFortuneSuite","PixSuite","ANIVIA_SUITE_SCRIPT","ProjectileSuite","network_lifecycle_suite","workbench_scenario_suite","building_placement_suite","payment_suite","shield_suite","session_suite","terminal_state_suite","CombatBatchSuite","TerminalAudioSuite","BuildingExpiryBoundarySuite","KnockbackBoundarySuite","ShurimaGuardSuite"],"failed":0,"schema":1}
