Godot Engine v4.7.1.stable.official.a13da4feb - https://godotengine.org

TEAM 0
CLIP Death length=7.99999380111694 tracks=99
CLIP Idle1_Base length=9.9666862487793 tracks=3
TRACK Skeleton/Skeleton3D:base type=2 keys=1 start=(-0.000022, 1, -0.000022, -0.000022) end=(-0.000022, 1, -0.000022, -0.000022) times=0.0,0.0
TRACK Skeleton/Skeleton3D:crystal type=1 keys=300 start=(0.0, 245.1342, 0.0) end=(0.0, 245.1342, 0.0) times=0.0,9.9666862487793
TRACK Skeleton/Skeleton3D:crystal type=2 keys=296 start=(-0.000022, -0.000022, -0.000022, 1) end=(-0.000022, -0.000022, -0.000022, 1) times=0.0,9.9666862487793
CLIP Nexus_spawn_anm length=5.16666316986084 tracks=3
TRACK Skeleton/Skeleton3D:base type=2 keys=1 start=(-0.000022, 1, -0.000022, -0.000022) end=(-0.000022, 1, -0.000022, -0.000022) times=0.0,0.0
TRACK Skeleton/Skeleton3D:crystal type=1 keys=150 start=(0.0, -29.54787, 0.0) end=(0.0, 245.1523, 0.0) times=0.0,5.16666316986084
TRACK Skeleton/Skeleton3D:crystal type=2 keys=154 start=(-0.000022, 0.906599, -0.000022, -0.421994) end=(-0.000022, 0.001618, -0.000022, 0.999999) times=0.0,5.16666316986084
CLIP Nexus_spawn_hold_anm length=0.16666667163372 tracks=3
TEAM 1
CLIP Death length=7.99999380111694 tracks=99
CLIP Idle1_Base length=9.9666862487793 tracks=3
TRACK Skeleton/Skeleton3D:base type=2 keys=1 start=(-0.000022, 1, -0.000022, -0.000022) end=(-0.000022, 1, -0.000022, -0.000022) times=0.0,0.0
TRACK Skeleton/Skeleton3D:crystal type=1 keys=300 start=(0.0, 245.1342, 0.0) end=(0.0, 245.1342, 0.0) times=0.0,9.9666862487793
TRACK Skeleton/Skeleton3D:crystal type=2 keys=296 start=(-0.000022, -0.000022, -0.000022, 1) end=(-0.000022, -0.000022, -0.000022, 1) times=0.0,9.9666862487793
CLIP Nexus_spawn_anm length=5.16666316986084 tracks=3
TRACK Skeleton/Skeleton3D:base type=2 keys=1 start=(-0.000022, 1, -0.000022, -0.000022) end=(-0.000022, 1, -0.000022, -0.000022) times=0.0,0.0
TRACK Skeleton/Skeleton3D:crystal type=1 keys=150 start=(0.0, -29.54787, 0.0) end=(0.0, 245.1523, 0.0) times=0.0,5.16666316986084
TRACK Skeleton/Skeleton3D:crystal type=2 keys=154 start=(-0.000022, 0.906599, -0.000022, -0.421994) end=(-0.000022, 0.001618, -0.000022, 0.999999) times=0.0,5.16666316986084
CLIP Nexus_spawn_hold_anm length=0.16666667163372 tracks=3
