Godot Engine v4.7.1.stable.official.a13da4feb - https://godotengine.org

[套件] maintenance_suite
[套件] CardDBValidationSuite
[套件] ContentContractSuite
[套件] DeckBuilderSuite
[套件] maintenance_contracts
[套件] numeric_system_suite
[套件] ArenaDeploymentSuite
[套件] AUDIO_PRESENTATION_SUITE_SCRIPT
[套件] PresentationSuite
[套件] BuildingMinionSuite
[套件] NavigationCollisionSuite
[套件] ActiveSkillSuite
[套件] workbench_suite
[套件] AnimationStateSuite
[套件] cards/sett_animation_suite
[套件] HeroSkillReworkSuite
[SKILL_TIMING] distance=80.0 release_tick=4 collision_tick=4
[SKILL_TIMING] distance=180.0 release_tick=4 collision_tick=6
[套件] CombatTargetingSuite
[套件] GnarSuite
[套件] XinSuite
[套件] GwenSuite
[套件] TwistedFateSuite
[套件] AurelionSolSuite
[套件] MissFortuneSuite
[套件] PixSuite
[套件] ANIVIA_SUITE_SCRIPT
[套件] ProjectileSuite
[套件] network_lifecycle_suite
[套件] workbench_scenario_suite
[套件] building_placement_suite
[套件] payment_suite
[套件] shield_suite
[套件] session_suite
[联机] 连接失败
[联机] 等待对方加载超时
[套件] terminal_state_suite
[套件] CombatBatchSuite
FAIRNESS tick=133 a=0.0 b=0.0 stages=1/1
FAIRNESS_TRACE [{"amount":52.0,"event":"hit_submit","phase":"combatants","segment":0,"source":8707358333116,"target":8709036054843,"tick":133},{"amount":52.0,"event":"hit_submit","phase":"combatants","segment":0,"source":8709036054843,"target":8707358333116,"tick":133},{"amount":0.0,"event":"death_commit","phase":"combatants","segment":-1,"source":-1,"target":8709036054843,"tick":133},{"amount":0.0,"event":"death_commit","phase":"combatants","segment":-1,"source":-1,"target":8707358333116,"tick":133}]
FAIRNESS tick=138 a=0.0 b=0.0 stages=1/1
FAIRNESS_TRACE [{"amount":52.0,"event":"hit_submit","phase":"combatants","segment":0,"source":8711049320763,"target":8712727042362,"tick":138},{"amount":52.0,"event":"hit_submit","phase":"combatants","segment":0,"source":8712727042362,"target":8711049320763,"tick":138},{"amount":0.0,"event":"death_commit","phase":"combatants","segment":-1,"source":-1,"target":8712727042362,"tick":138},{"amount":0.0,"event":"death_commit","phase":"combatants","segment":-1,"source":-1,"target":8711049320763,"tick":138}]
FAIRNESS tick=143 a=0.0 b=0.0 stages=1/1
FAIRNESS_TRACE [{"amount":52.0,"event":"hit_submit","phase":"combatants","segment":0,"source":8716216700605,"target":8714538981690,"tick":143},{"amount":52.0,"event":"hit_submit","phase":"combatants","segment":0,"source":8714538981690,"target":8716216700605,"tick":143},{"amount":0.0,"event":"death_commit","phase":"combatants","segment":-1,"source":-1,"target":8714538981690,"tick":143},{"amount":0.0,"event":"death_commit","phase":"combatants","segment":-1,"source":-1,"target":8716216700605,"tick":143}]
FAIRNESS tick=148 a=0.0 b=0.0 stages=1/1
FAIRNESS_TRACE [{"amount":52.0,"event":"hit_submit","phase":"combatants","segment":0,"source":8719706362304,"target":8718028639933,"tick":148},{"amount":52.0,"event":"hit_submit","phase":"combatants","segment":0,"source":8718028639933,"target":8719706362304,"tick":148},{"amount":0.0,"event":"death_commit","phase":"combatants","segment":-1,"source":-1,"target":8718028639933,"tick":148},{"amount":0.0,"event":"death_commit","phase":"combatants","segment":-1,"source":-1,"target":8719706362304,"tick":148}]
FAIRNESS tick=153 a=0.0 b=0.0 stages=1/1
FAIRNESS_TRACE [{"amount":52.0,"event":"hit_submit","phase":"combatants","segment":0,"source":8721518301632,"target":8723196025123,"tick":153},{"amount":52.0,"event":"hit_submit","phase":"combatants","segment":0,"source":8723196025123,"target":8721518301632,"tick":153},{"amount":0.0,"event":"death_commit","phase":"combatants","segment":-1,"source":-1,"target":8723196025123,"tick":153},{"amount":0.0,"event":"death_commit","phase":"combatants","segment":-1,"source":-1,"target":8721518301632,"tick":153}]
FAIRNESS tick=158 a=0.0 b=0.0 stages=1/1
FAIRNESS_TRACE [{"amount":52.0,"event":"hit_submit","phase":"combatants","segment":0,"source":8725007964451,"target":8726685684545,"tick":158},{"amount":52.0,"event":"hit_submit","phase":"combatants","segment":0,"source":8726685684545,"target":8725007964451,"tick":158},{"amount":0.0,"event":"death_commit","phase":"combatants","segment":-1,"source":-1,"target":8726685684545,"tick":158},{"amount":0.0,"event":"death_commit","phase":"combatants","segment":-1,"source":-1,"target":8725007964451,"tick":158}]
FAIRNESS tick=163 a=0.0 b=0.0 stages=1/1
FAIRNESS_TRACE [{"amount":52.0,"event":"hit_submit","phase":"combatants","segment":0,"source":8730175344639,"target":8728497623873,"tick":163},{"amount":52.0,"event":"hit_submit","phase":"combatants","segment":0,"source":8728497623873,"target":8730175344639,"tick":163},{"amount":0.0,"event":"death_commit","phase":"combatants","segment":-1,"source":-1,"target":8728497623873,"tick":163},{"amount":0.0,"event":"death_commit","phase":"combatants","segment":-1,"source":-1,"target":8730175344639,"tick":163}]
FAIRNESS tick=168 a=0.0 b=0.0 stages=1/1
FAIRNESS_TRACE [{"amount":52.0,"event":"hit_submit","phase":"combatants","segment":0,"source":8733665003689,"target":8731987283967,"tick":168},{"amount":52.0,"event":"hit_submit","phase":"combatants","segment":0,"source":8731987283967,"target":8733665003689,"tick":168},{"amount":0.0,"event":"death_commit","phase":"combatants","segment":-1,"source":-1,"target":8731987283967,"tick":168},{"amount":0.0,"event":"death_commit","phase":"combatants","segment":-1,"source":-1,"target":8733665003689,"tick":168}]
FAIRNESS tick=173 a=0.0 b=0.0 stages=1/1
FAIRNESS_TRACE [{"amount":52.0,"event":"hit_submit","phase":"combatants","segment":0,"source":8737674758313,"target":8739352483780,"tick":173},{"amount":52.0,"event":"hit_submit","phase":"combatants","segment":0,"source":8739352483780,"target":8737674758313,"tick":173},{"amount":0.0,"event":"death_commit","phase":"combatants","segment":-1,"source":-1,"target":8739352483780,"tick":173},{"amount":0.0,"event":"death_commit","phase":"combatants","segment":-1,"source":-1,"target":8737674758313,"tick":173}]
FAIRNESS tick=178 a=0.0 b=0.0 stages=1/1
FAIRNESS_TRACE [{"amount":52.0,"event":"hit_submit","phase":"combatants","segment":0,"source":8741164419241,"target":8742842144489,"tick":178},{"amount":52.0,"event":"hit_submit","phase":"combatants","segment":0,"source":8742842144489,"target":8741164419241,"tick":178},{"amount":0.0,"event":"death_commit","phase":"combatants","segment":-1,"source":-1,"target":8742842144489,"tick":178},{"amount":0.0,"event":"death_commit","phase":"combatants","segment":-1,"source":-1,"target":8741164419241,"tick":178}]
FAIRNESS tick=183 a=0.0 b=0.0 stages=1/1
FAIRNESS_TRACE [{"amount":52.0,"event":"hit_submit","phase":"combatants","segment":0,"source":8746331801598,"target":8744654080169,"tick":183},{"amount":52.0,"event":"hit_submit","phase":"combatants","segment":0,"source":8744654080169,"target":8746331801598,"tick":183},{"amount":0.0,"event":"death_commit","phase":"combatants","segment":-1,"source":-1,"target":8744654080169,"tick":183},{"amount":0.0,"event":"death_commit","phase":"combatants","segment":-1,"source":-1,"target":8746331801598,"tick":183}]
FAIRNESS tick=188 a=0.0 b=0.0 stages=1/1
FAIRNESS_TRACE [{"amount":52.0,"event":"hit_submit","phase":"combatants","segment":0,"source":8749821466780,"target":8748143741097,"tick":188},{"amount":52.0,"event":"hit_submit","phase":"combatants","segment":0,"source":8748143741097,"target":8749821466780,"tick":188},{"amount":0.0,"event":"death_commit","phase":"combatants","segment":-1,"source":-1,"target":8748143741097,"tick":188},{"amount":0.0,"event":"death_commit","phase":"combatants","segment":-1,"source":-1,"target":8749821466780,"tick":188}]
FAIRNESS tick=193 a=0.0 b=0.0 stages=1/1
FAIRNESS_TRACE [{"amount":52.0,"event":"hit_submit","phase":"combatants","segment":0,"source":8751633402025,"target":8753311125526,"tick":193},{"amount":52.0,"event":"hit_submit","phase":"combatants","segment":0,"source":8753311125526,"target":8751633402025,"tick":193},{"amount":0.0,"event":"death_commit","phase":"combatants","segment":-1,"source":-1,"target":8753311125526,"tick":193},{"amount":0.0,"event":"death_commit","phase":"combatants","segment":-1,"source":-1,"target":8751633402025,"tick":193}]
FAIRNESS tick=198 a=0.0 b=0.0 stages=1/1
FAIRNESS_TRACE [{"amount":52.0,"event":"hit_submit","phase":"combatants","segment":0,"source":8755055954089,"target":8756733678775,"tick":198},{"amount":52.0,"event":"hit_submit","phase":"combatants","segment":0,"source":8756733678775,"target":8755055954089,"tick":198},{"amount":0.0,"event":"death_commit","phase":"combatants","segment":-1,"source":-1,"target":8756733678775,"tick":198},{"amount":0.0,"event":"death_commit","phase":"combatants","segment":-1,"source":-1,"target":8755055954089,"tick":198}]
FAIRNESS tick=203 a=0.0 b=0.0 stages=1/1
FAIRNESS_TRACE [{"amount":52.0,"event":"hit_submit","phase":"combatants","segment":0,"source":8760156231437,"target":8758478506153,"tick":203},{"amount":52.0,"event":"hit_submit","phase":"combatants","segment":0,"source":8758478506153,"target":8760156231437,"tick":203},{"amount":0.0,"event":"death_commit","phase":"combatants","segment":-1,"source":-1,"target":8758478506153,"tick":203},{"amount":0.0,"event":"death_commit","phase":"combatants","segment":-1,"source":-1,"target":8760156231437,"tick":203}]
FAIRNESS tick=208 a=0.0 b=0.0 stages=1/1
FAIRNESS_TRACE [{"amount":52.0,"event":"hit_submit","phase":"combatants","segment":0,"source":8763578781204,"target":8761901058217,"tick":208},{"amount":52.0,"event":"hit_submit","phase":"combatants","segment":0,"source":8761901058217,"target":8763578781204,"tick":208},{"amount":0.0,"event":"death_commit","phase":"combatants","segment":-1,"source":-1,"target":8761901058217,"tick":208},{"amount":0.0,"event":"death_commit","phase":"combatants","segment":-1,"source":-1,"target":8763578781204,"tick":208}]
EXTRA_FAIRNESS_TRACE [{"amount":52.0,"event":"hit_submit","phase":"combatants","segment":0,"source":8824563960606,"target":8826241686123,"tick":867},{"amount":52.0,"event":"hit_submit","phase":"combatants","segment":0,"source":8826241686123,"target":8824563960606,"tick":867},{"amount":52.0,"event":"hit_submit","phase":"combatants","segment":1,"source":8824563960606,"target":8826241686123,"tick":882},{"amount":52.0,"event":"hit_submit","phase":"combatants","segment":1,"source":8826241686123,"target":8824563960606,"tick":882},{"amount":52.0,"event":"hit_submit","phase":"combatants","segment":2,"source":8824563960606,"target":8826241686123,"tick":897},{"amount":52.0,"event":"hit_submit","phase":"combatants","segment":2,"source":8826241686123,"target":8824563960606,"tick":897},{"amount":26.0,"event":"hit_submit","phase":"combatants","segment":2,"source":8824563960606,"target":8826241686123,"tick":900},{"amount":26.0,"event":"hit_submit","phase":"combatants","segment":2,"source":8826241686123,"target":8824563960606,"tick":900},{"amount":0.0,"event":"death_commit","phase":"combatants","segment":-1,"source":-1,"target":8826241686123,"tick":900},{"amount":0.0,"event":"death_commit","phase":"combatants","segment":-1,"source":-1,"target":8824563960606,"tick":900}]
EXTRA_FAIRNESS_TRACE [{"amount":52.0,"event":"hit_submit","phase":"combatants","segment":0,"source":8831576840811,"target":8833254562608,"tick":905},{"amount":52.0,"event":"hit_submit","phase":"combatants","segment":0,"source":8833254562608,"target":8831576840811,"tick":905},{"amount":52.0,"event":"hit_submit","phase":"combatants","segment":1,"source":8831576840811,"target":8833254562608,"tick":920},{"amount":52.0,"event":"hit_submit","phase":"combatants","segment":1,"source":8833254562608,"target":8831576840811,"tick":920},{"amount":52.0,"event":"hit_submit","phase":"combatants","segment":2,"source":8831576840811,"target":8833254562608,"tick":935},{"amount":52.0,"event":"hit_submit","phase":"combatants","segment":2,"source":8833254562608,"target":8831576840811,"tick":935},{"amount":26.0,"event":"hit_submit","phase":"combatants","segment":2,"source":8831576840811,"target":8833254562608,"tick":938},{"amount":26.0,"event":"hit_submit","phase":"combatants","segment":2,"source":8833254562608,"target":8831576840811,"tick":938},{"amount":0.0,"event":"death_commit","phase":"combatants","segment":-1,"source":-1,"target":8833254562608,"tick":938},{"amount":0.0,"event":"death_commit","phase":"combatants","segment":-1,"source":-1,"target":8831576840811,"tick":938}]
[套件] TerminalAudioSuite
WARNING: 水晶终局音频缺失：world_nexus_chaos
     at: push_warning (core/variant/variant_utility.cpp:1033)
     GDScript backtrace (most recent call first):
         [0] play_nexus_destruction (res://scripts/audio/game_audio_manager.gd:857)
         [1] finish_match_audio (res://scripts/audio/game_audio_manager.gd:883)
         [2] run (res://tests/suites/terminal_audio_suite.gd:46)
WARNING: 水晶终局音频缺失：world_nexus_order
     at: push_warning (core/variant/variant_utility.cpp:1033)
     GDScript backtrace (most recent call first):
         [0] play_nexus_destruction (res://scripts/audio/game_audio_manager.gd:857)
         [1] finish_match_audio (res://scripts/audio/game_audio_manager.gd:883)
         [2] run (res://tests/suites/terminal_audio_suite.gd:50)
WARNING: 水晶终局音频缺失：world_nexus_chaos
     at: push_warning (core/variant/variant_utility.cpp:1033)
     GDScript backtrace (most recent call first):
         [0] play_nexus_destruction (res://scripts/audio/game_audio_manager.gd:857)
         [1] finish_match_audio (res://scripts/audio/game_audio_manager.gd:883)
         [2] run (res://tests/suites/terminal_audio_suite.gd:50)
[套件] BuildingExpiryBoundarySuite
EXPIRY_BOUNDARY permutation=0 tick=5 state=[0, 0.0, 100.0, 0.0, true]
EXPIRY_BOUNDARY permutation=1 tick=10 state=[0, 0.0, 100.0, 0.0, true]
EXPIRY_BOUNDARY permutation=2 tick=15 state=[0, 0.0, 100.0, 0.0, true]
EXPIRY_BOUNDARY permutation=3 tick=20 state=[0, 0.0, 100.0, 0.0, true]
EXPIRY_BOUNDARY permutation=4 tick=25 state=[0, 0.0, 100.0, 0.0, true]
EXPIRY_BOUNDARY permutation=5 tick=30 state=[0, 0.0, 100.0, 0.0, true]
EXPIRY_BOUNDARY permutation=6 tick=35 state=[0, 0.0, 100.0, 0.0, true]
EXPIRY_BOUNDARY permutation=7 tick=40 state=[0, 0.0, 100.0, 0.0, true]
EXPIRY_BOUNDARY permutation=8 tick=45 state=[0, 0.0, 100.0, 0.0, true]
EXPIRY_BOUNDARY permutation=9 tick=50 state=[0, 0.0, 100.0, 0.0, true]
EXPIRY_BOUNDARY permutation=10 tick=55 state=[0, 0.0, 100.0, 0.0, true]
EXPIRY_BOUNDARY permutation=11 tick=60 state=[0, 0.0, 100.0, 0.0, true]
EXPIRY_BOUNDARY permutation=12 tick=65 state=[0, 0.0, 100.0, 0.0, true]
EXPIRY_BOUNDARY permutation=13 tick=70 state=[0, 0.0, 100.0, 0.0, true]
EXPIRY_BOUNDARY permutation=14 tick=75 state=[0, 0.0, 100.0, 0.0, true]
EXPIRY_BOUNDARY permutation=15 tick=80 state=[0, 0.0, 100.0, 0.0, true]
[套件] KnockbackBoundarySuite
[套件] ShurimaGuardSuite
[机制检查] 全部通过（3530 项断言）
[MECHANICS_RESULT] {"checks":3530,"completed_suites":["maintenance_suite","CardDBValidationSuite","ContentContractSuite","DeckBuilderSuite","maintenance_contracts","numeric_system_suite","ArenaDeploymentSuite","AUDIO_PRESENTATION_SUITE_SCRIPT","PresentationSuite","BuildingMinionSuite","NavigationCollisionSuite","ActiveSkillSuite","workbench_suite","AnimationStateSuite","cards/sett_animation_suite","HeroSkillReworkSuite","CombatTargetingSuite","GnarSuite","XinSuite","GwenSuite","TwistedFateSuite","AurelionSolSuite","MissFortuneSuite","PixSuite","ANIVIA_SUITE_SCRIPT","ProjectileSuite","network_lifecycle_suite","workbench_scenario_suite","building_placement_suite","payment_suite","shield_suite","session_suite","terminal_state_suite","CombatBatchSuite","TerminalAudioSuite","BuildingExpiryBoundarySuite","KnockbackBoundarySuite","ShurimaGuardSuite"],"failed":0,"schema":1}
