Godot Engine v4.7.1.stable.official.a13da4feb - https://godotengine.org

[套件] maintenance_suite
[套件] CardDBValidationSuite
[套件] ContentContractSuite
[套件] DeckBuilderSuite
[套件] maintenance_contracts
[套件] numeric_system_suite
[套件] ArenaDeploymentSuite
[套件] AUDIO_PRESENTATION_SUITE_SCRIPT
[套件] PresentationSuite
[套件] BuildingMinionSuite
[套件] NavigationCollisionSuite
[套件] ActiveSkillSuite
[套件] workbench_suite
[套件] AnimationStateSuite
[套件] cards/sett_animation_suite
[套件] HeroSkillReworkSuite
[SKILL_TIMING] distance=80.0 release_tick=4 collision_tick=4
[SKILL_TIMING] distance=180.0 release_tick=4 collision_tick=6
[套件] CombatTargetingSuite
[套件] GnarSuite
[套件] XinSuite
[套件] GwenSuite
[套件] TwistedFateSuite
[套件] AurelionSolSuite
[套件] MissFortuneSuite
[套件] PixSuite
[套件] ANIVIA_SUITE_SCRIPT
[套件] ProjectileSuite
[套件] network_lifecycle_suite
[套件] workbench_scenario_suite
[套件] building_placement_suite
[套件] payment_suite
[套件] shield_suite
[套件] session_suite
[联机] 连接失败
[联机] 等待对方加载超时
[套件] terminal_state_suite
[套件] CombatBatchSuite
FAIRNESS tick=133 a=0.0 b=0.0 stages=1/1
FAIRNESS_TRACE [{"amount":52.0,"event":"hit_submit","phase":"combatants","segment":0,"source":8710327900372,"target":8712005622140,"tick":133},{"amount":52.0,"event":"hit_submit","phase":"combatants","segment":0,"source":8712005622140,"target":8710327900372,"tick":133},{"amount":0.0,"event":"death_commit","phase":"combatants","segment":-1,"source":-1,"target":8712005622140,"tick":133},{"amount":0.0,"event":"death_commit","phase":"combatants","segment":-1,"source":-1,"target":8710327900372,"tick":133}]
FAIRNESS tick=138 a=0.0 b=0.0 stages=1/1
FAIRNESS_TRACE [{"amount":52.0,"event":"hit_submit","phase":"combatants","segment":0,"source":8714018888060,"target":8715696608910,"tick":138},{"amount":52.0,"event":"hit_submit","phase":"combatants","segment":0,"source":8715696608910,"target":8714018888060,"tick":138},{"amount":0.0,"event":"death_commit","phase":"combatants","segment":-1,"source":-1,"target":8715696608910,"tick":138},{"amount":0.0,"event":"death_commit","phase":"combatants","segment":-1,"source":-1,"target":8714018888060,"tick":138}]
FAIRNESS tick=143 a=0.0 b=0.0 stages=1/1
FAIRNESS_TRACE [{"amount":52.0,"event":"hit_submit","phase":"combatants","segment":0,"source":8719186268310,"target":8717508548238,"tick":143},{"amount":52.0,"event":"hit_submit","phase":"combatants","segment":0,"source":8717508548238,"target":8719186268310,"tick":143},{"amount":0.0,"event":"death_commit","phase":"combatants","segment":-1,"source":-1,"target":8717508548238,"tick":143},{"amount":0.0,"event":"death_commit","phase":"combatants","segment":-1,"source":-1,"target":8719186268310,"tick":143}]
FAIRNESS tick=148 a=0.0 b=0.0 stages=1/1
FAIRNESS_TRACE [{"amount":52.0,"event":"hit_submit","phase":"combatants","segment":0,"source":8722675929524,"target":8720998207638,"tick":148},{"amount":52.0,"event":"hit_submit","phase":"combatants","segment":0,"source":8720998207638,"target":8722675929524,"tick":148},{"amount":0.0,"event":"death_commit","phase":"combatants","segment":-1,"source":-1,"target":8720998207638,"tick":148},{"amount":0.0,"event":"death_commit","phase":"combatants","segment":-1,"source":-1,"target":8722675929524,"tick":148}]
FAIRNESS tick=153 a=0.0 b=0.0 stages=1/1
FAIRNESS_TRACE [{"amount":52.0,"event":"hit_submit","phase":"combatants","segment":0,"source":8724487868852,"target":8726165590995,"tick":153},{"amount":52.0,"event":"hit_submit","phase":"combatants","segment":0,"source":8726165590995,"target":8724487868852,"tick":153},{"amount":0.0,"event":"death_commit","phase":"combatants","segment":-1,"source":-1,"target":8726165590995,"tick":153},{"amount":0.0,"event":"death_commit","phase":"combatants","segment":-1,"source":-1,"target":8724487868852,"tick":153}]
FAIRNESS tick=158 a=0.0 b=0.0 stages=1/1
FAIRNESS_TRACE [{"amount":52.0,"event":"hit_submit","phase":"combatants","segment":0,"source":8727977530323,"target":8729655249634,"tick":158},{"amount":52.0,"event":"hit_submit","phase":"combatants","segment":0,"source":8729655249634,"target":8727977530323,"tick":158},{"amount":0.0,"event":"death_commit","phase":"combatants","segment":-1,"source":-1,"target":8729655249634,"tick":158},{"amount":0.0,"event":"death_commit","phase":"combatants","segment":-1,"source":-1,"target":8727977530323,"tick":158}]
FAIRNESS tick=163 a=0.0 b=0.0 stages=1/1
FAIRNESS_TRACE [{"amount":52.0,"event":"hit_submit","phase":"combatants","segment":0,"source":8733144911388,"target":8731467188962,"tick":163},{"amount":52.0,"event":"hit_submit","phase":"combatants","segment":0,"source":8731467188962,"target":8733144911388,"tick":163},{"amount":0.0,"event":"death_commit","phase":"combatants","segment":-1,"source":-1,"target":8731467188962,"tick":163},{"amount":0.0,"event":"death_commit","phase":"combatants","segment":-1,"source":-1,"target":8733144911388,"tick":163}]
FAIRNESS tick=168 a=0.0 b=0.0 stages=1/1
FAIRNESS_TRACE [{"amount":52.0,"event":"hit_submit","phase":"combatants","segment":0,"source":8736634570916,"target":8734956850716,"tick":168},{"amount":52.0,"event":"hit_submit","phase":"combatants","segment":0,"source":8734956850716,"target":8736634570916,"tick":168},{"amount":0.0,"event":"death_commit","phase":"combatants","segment":-1,"source":-1,"target":8734956850716,"tick":168},{"amount":0.0,"event":"death_commit","phase":"combatants","segment":-1,"source":-1,"target":8736634570916,"tick":168}]
FAIRNESS tick=173 a=0.0 b=0.0 stages=1/1
FAIRNESS_TRACE [{"amount":52.0,"event":"hit_submit","phase":"combatants","segment":0,"source":8740644325540,"target":8742322049577,"tick":173},{"amount":52.0,"event":"hit_submit","phase":"combatants","segment":0,"source":8742322049577,"target":8740644325540,"tick":173},{"amount":0.0,"event":"death_commit","phase":"combatants","segment":-1,"source":-1,"target":8742322049577,"tick":173},{"amount":0.0,"event":"death_commit","phase":"combatants","segment":-1,"source":-1,"target":8740644325540,"tick":173}]
FAIRNESS tick=178 a=0.0 b=0.0 stages=1/1
FAIRNESS_TRACE [{"amount":52.0,"event":"hit_submit","phase":"combatants","segment":0,"source":8744133986468,"target":8745811711827,"tick":178},{"amount":52.0,"event":"hit_submit","phase":"combatants","segment":0,"source":8745811711827,"target":8744133986468,"tick":178},{"amount":0.0,"event":"death_commit","phase":"combatants","segment":-1,"source":-1,"target":8745811711827,"tick":178},{"amount":0.0,"event":"death_commit","phase":"combatants","segment":-1,"source":-1,"target":8744133986468,"tick":178}]
FAIRNESS tick=183 a=0.0 b=0.0 stages=1/1
FAIRNESS_TRACE [{"amount":52.0,"event":"hit_submit","phase":"combatants","segment":0,"source":8749301372345,"target":8747623647396,"tick":183},{"amount":52.0,"event":"hit_submit","phase":"combatants","segment":0,"source":8747623647396,"target":8749301372345,"tick":183},{"amount":0.0,"event":"death_commit","phase":"combatants","segment":-1,"source":-1,"target":8747623647396,"tick":183},{"amount":0.0,"event":"death_commit","phase":"combatants","segment":-1,"source":-1,"target":8749301372345,"tick":183}]
FAIRNESS tick=188 a=0.0 b=0.0 stages=1/1
FAIRNESS_TRACE [{"amount":52.0,"event":"hit_submit","phase":"combatants","segment":0,"source":8752791031385,"target":8751113308324,"tick":188},{"amount":52.0,"event":"hit_submit","phase":"combatants","segment":0,"source":8751113308324,"target":8752791031385,"tick":188},{"amount":0.0,"event":"death_commit","phase":"combatants","segment":-1,"source":-1,"target":8751113308324,"tick":188},{"amount":0.0,"event":"death_commit","phase":"combatants","segment":-1,"source":-1,"target":8752791031385,"tick":188}]
FAIRNESS tick=193 a=0.0 b=0.0 stages=1/1
FAIRNESS_TRACE [{"amount":52.0,"event":"hit_submit","phase":"combatants","segment":0,"source":8754602969252,"target":8756280692758,"tick":193},{"amount":52.0,"event":"hit_submit","phase":"combatants","segment":0,"source":8756280692758,"target":8754602969252,"tick":193},{"amount":0.0,"event":"death_commit","phase":"combatants","segment":-1,"source":-1,"target":8756280692758,"tick":193},{"amount":0.0,"event":"death_commit","phase":"combatants","segment":-1,"source":-1,"target":8754602969252,"tick":193}]
FAIRNESS tick=198 a=0.0 b=0.0 stages=1/1
FAIRNESS_TRACE [{"amount":52.0,"event":"hit_submit","phase":"combatants","segment":0,"source":8758025521316,"target":8759703245338,"tick":198},{"amount":52.0,"event":"hit_submit","phase":"combatants","segment":0,"source":8759703245338,"target":8758025521316,"tick":198},{"amount":0.0,"event":"death_commit","phase":"combatants","segment":-1,"source":-1,"target":8759703245338,"tick":198},{"amount":0.0,"event":"death_commit","phase":"combatants","segment":-1,"source":-1,"target":8758025521316,"tick":198}]
FAIRNESS tick=203 a=0.0 b=0.0 stages=1/1
FAIRNESS_TRACE [{"amount":52.0,"event":"hit_submit","phase":"combatants","segment":0,"source":8763125798343,"target":8761448073380,"tick":203},{"amount":52.0,"event":"hit_submit","phase":"combatants","segment":0,"source":8761448073380,"target":8763125798343,"tick":203},{"amount":0.0,"event":"death_commit","phase":"combatants","segment":-1,"source":-1,"target":8761448073380,"tick":203},{"amount":0.0,"event":"death_commit","phase":"combatants","segment":-1,"source":-1,"target":8763125798343,"tick":203}]
FAIRNESS tick=208 a=0.0 b=0.0 stages=1/1
FAIRNESS_TRACE [{"amount":52.0,"event":"hit_submit","phase":"combatants","segment":0,"source":8766548348586,"target":8764870625444,"tick":208},{"amount":52.0,"event":"hit_submit","phase":"combatants","segment":0,"source":8764870625444,"target":8766548348586,"tick":208},{"amount":0.0,"event":"death_commit","phase":"combatants","segment":-1,"source":-1,"target":8764870625444,"tick":208},{"amount":0.0,"event":"death_commit","phase":"combatants","segment":-1,"source":-1,"target":8766548348586,"tick":208}]
EXTRA_FAIRNESS_TRACE [{"amount":52.0,"event":"hit_submit","phase":"combatants","segment":0,"source":8827533527838,"target":8829211253355,"tick":867},{"amount":52.0,"event":"hit_submit","phase":"combatants","segment":0,"source":8829211253355,"target":8827533527838,"tick":867},{"amount":52.0,"event":"hit_submit","phase":"combatants","segment":1,"source":8827533527838,"target":8829211253355,"tick":882},{"amount":52.0,"event":"hit_submit","phase":"combatants","segment":1,"source":8829211253355,"target":8827533527838,"tick":882},{"amount":52.0,"event":"hit_submit","phase":"combatants","segment":2,"source":8827533527838,"target":8829211253355,"tick":897},{"amount":52.0,"event":"hit_submit","phase":"combatants","segment":2,"source":8829211253355,"target":8827533527838,"tick":897},{"amount":26.0,"event":"hit_submit","phase":"combatants","segment":2,"source":8827533527838,"target":8829211253355,"tick":900},{"amount":26.0,"event":"hit_submit","phase":"combatants","segment":2,"source":8829211253355,"target":8827533527838,"tick":900},{"amount":0.0,"event":"death_commit","phase":"combatants","segment":-1,"source":-1,"target":8829211253355,"tick":900},{"amount":0.0,"event":"death_commit","phase":"combatants","segment":-1,"source":-1,"target":8827533527838,"tick":900}]
EXTRA_FAIRNESS_TRACE [{"amount":52.0,"event":"hit_submit","phase":"combatants","segment":0,"source":8834546408043,"target":8836224129840,"tick":905},{"amount":52.0,"event":"hit_submit","phase":"combatants","segment":0,"source":8836224129840,"target":8834546408043,"tick":905},{"amount":52.0,"event":"hit_submit","phase":"combatants","segment":1,"source":8834546408043,"target":8836224129840,"tick":920},{"amount":52.0,"event":"hit_submit","phase":"combatants","segment":1,"source":8836224129840,"target":8834546408043,"tick":920},{"amount":52.0,"event":"hit_submit","phase":"combatants","segment":2,"source":8834546408043,"target":8836224129840,"tick":935},{"amount":52.0,"event":"hit_submit","phase":"combatants","segment":2,"source":8836224129840,"target":8834546408043,"tick":935},{"amount":26.0,"event":"hit_submit","phase":"combatants","segment":2,"source":8834546408043,"target":8836224129840,"tick":938},{"amount":26.0,"event":"hit_submit","phase":"combatants","segment":2,"source":8836224129840,"target":8834546408043,"tick":938},{"amount":0.0,"event":"death_commit","phase":"combatants","segment":-1,"source":-1,"target":8836224129840,"tick":938},{"amount":0.0,"event":"death_commit","phase":"combatants","segment":-1,"source":-1,"target":8834546408043,"tick":938}]
[套件] TerminalAudioSuite
WARNING: 水晶终局音频缺失：world_nexus_chaos
     at: push_warning (core/variant/variant_utility.cpp:1033)
     GDScript backtrace (most recent call first):
         [0] play_nexus_destruction (res://scripts/audio/game_audio_manager.gd:857)
         [1] finish_match_audio (res://scripts/audio/game_audio_manager.gd:883)
         [2] run (res://tests/suites/terminal_audio_suite.gd:46)
WARNING: 水晶终局音频缺失：world_nexus_order
     at: push_warning (core/variant/variant_utility.cpp:1033)
     GDScript backtrace (most recent call first):
         [0] play_nexus_destruction (res://scripts/audio/game_audio_manager.gd:857)
         [1] finish_match_audio (res://scripts/audio/game_audio_manager.gd:883)
         [2] run (res://tests/suites/terminal_audio_suite.gd:50)
WARNING: 水晶终局音频缺失：world_nexus_chaos
     at: push_warning (core/variant/variant_utility.cpp:1033)
     GDScript backtrace (most recent call first):
         [0] play_nexus_destruction (res://scripts/audio/game_audio_manager.gd:857)
         [1] finish_match_audio (res://scripts/audio/game_audio_manager.gd:883)
         [2] run (res://tests/suites/terminal_audio_suite.gd:50)
[套件] BuildingExpiryBoundarySuite
EXPIRY_BOUNDARY permutation=0 tick=5 state=[0, 0.0, 100.0, 0.0, true]
EXPIRY_BOUNDARY permutation=1 tick=10 state=[0, 0.0, 100.0, 0.0, true]
EXPIRY_BOUNDARY permutation=2 tick=15 state=[0, 0.0, 100.0, 0.0, true]
EXPIRY_BOUNDARY permutation=3 tick=20 state=[0, 0.0, 100.0, 0.0, true]
EXPIRY_BOUNDARY permutation=4 tick=25 state=[0, 0.0, 100.0, 0.0, true]
EXPIRY_BOUNDARY permutation=5 tick=30 state=[0, 0.0, 100.0, 0.0, true]
EXPIRY_BOUNDARY permutation=6 tick=35 state=[0, 0.0, 100.0, 0.0, true]
EXPIRY_BOUNDARY permutation=7 tick=40 state=[0, 0.0, 100.0, 0.0, true]
EXPIRY_BOUNDARY permutation=8 tick=45 state=[0, 0.0, 100.0, 0.0, true]
EXPIRY_BOUNDARY permutation=9 tick=50 state=[0, 0.0, 100.0, 0.0, true]
EXPIRY_BOUNDARY permutation=10 tick=55 state=[0, 0.0, 100.0, 0.0, true]
EXPIRY_BOUNDARY permutation=11 tick=60 state=[0, 0.0, 100.0, 0.0, true]
EXPIRY_BOUNDARY permutation=12 tick=65 state=[0, 0.0, 100.0, 0.0, true]
EXPIRY_BOUNDARY permutation=13 tick=70 state=[0, 0.0, 100.0, 0.0, true]
EXPIRY_BOUNDARY permutation=14 tick=75 state=[0, 0.0, 100.0, 0.0, true]
EXPIRY_BOUNDARY permutation=15 tick=80 state=[0, 0.0, 100.0, 0.0, true]
[套件] KnockbackBoundarySuite
[套件] ShurimaGuardSuite
[机制检查] 全部通过（3522 项断言）
[MECHANICS_RESULT] {"checks":3522,"completed_suites":["maintenance_suite","CardDBValidationSuite","ContentContractSuite","DeckBuilderSuite","maintenance_contracts","numeric_system_suite","ArenaDeploymentSuite","AUDIO_PRESENTATION_SUITE_SCRIPT","PresentationSuite","BuildingMinionSuite","NavigationCollisionSuite","ActiveSkillSuite","workbench_suite","AnimationStateSuite","cards/sett_animation_suite","HeroSkillReworkSuite","CombatTargetingSuite","GnarSuite","XinSuite","GwenSuite","TwistedFateSuite","AurelionSolSuite","MissFortuneSuite","PixSuite","ANIVIA_SUITE_SCRIPT","ProjectileSuite","network_lifecycle_suite","workbench_scenario_suite","building_placement_suite","payment_suite","shield_suite","session_suite","terminal_state_suite","CombatBatchSuite","TerminalAudioSuite","BuildingExpiryBoundarySuite","KnockbackBoundarySuite","ShurimaGuardSuite"],"failed":0,"schema":1}
