Godot Engine v4.7.1.stable.official.a13da4feb - https://godotengine.org
OpenGL API 4.1 Metal - 90.5 - Compatibility - Using Device: Apple - Apple M5

[building] 0.013 sun_disc deploy:start
[building] 0.052 sun_disc deploy:start
[building] 0.092 tombstone deploy:start
[building] 1.272 sun_disc attack_swing
[building] 1.272 sun_disc attack_swing
[building] 1.273 tombstone idle:sustain
[building] 1.751 sun_disc attack_launch
[building] 1.751 sun_disc attack_launch
[building] 2.002 sun_disc attack_hit
[building] 2.002 sun_disc attack_hit
[building] 2.658 sun_disc attack_swing
[building] 2.658 sun_disc attack_swing
[building] 3.053 sun_disc shield:cast
[building] 3.053 sun_disc shield:cast
[building] 3.586 sun_disc attack_launch
[building] 3.586 sun_disc attack_launch
[building] 3.718 sun_disc attack_hit
[building] 3.718 sun_disc attack_hit
[building] 4.368 sun_disc attack_swing
[building] 4.368 sun_disc attack_swing
[building] 4.867 sun_disc attack_launch
[building] 4.867 sun_disc attack_launch
[building] 4.96 sun_disc death
[building] 4.96 sun_disc death
[building] 5.118 sun_disc attack_hit
[building] 5.118 sun_disc attack_hit
