Godot Engine v4.7.1.stable.official.a13da4feb - https://godotengine.org

[套件] maintenance_suite
[套件] CardDBValidationSuite
[套件] ContentContractSuite
[套件] DeckBuilderSuite
[套件] maintenance_contracts
[套件] numeric_system_suite
[套件] ArenaDeploymentSuite
[套件] AUDIO_PRESENTATION_SUITE_SCRIPT
[套件] PresentationSuite
[套件] BuildingMinionSuite
[套件] NavigationCollisionSuite
[套件] ActiveSkillSuite
[套件] workbench_suite
[套件] AnimationStateSuite
[套件] cards/sett_animation_suite
[套件] HeroSkillReworkSuite
[SKILL_TIMING] distance=80.0 release_tick=4 collision_tick=4
[SKILL_TIMING] distance=180.0 release_tick=4 collision_tick=6
[套件] CombatTargetingSuite
[套件] GnarSuite
[套件] XinSuite
[套件] GwenSuite
[套件] TwistedFateSuite
[套件] AurelionSolSuite
[套件] MissFortuneSuite
[套件] PixSuite
[套件] ANIVIA_SUITE_SCRIPT
[套件] ProjectileSuite
[套件] network_lifecycle_suite
[套件] workbench_scenario_suite
[套件] building_placement_suite
[套件] payment_suite
[套件] shield_suite
[套件] session_suite
[联机] 连接失败
[联机] 等待对方加载超时
[套件] terminal_state_suite
[套件] CombatBatchSuite
FAIRNESS tick=133 a=0.0 b=0.0 stages=1/1
FAIRNESS_TRACE [{"amount":52.0,"event":"hit_submit","phase":"combatants","segment":0,"source":8688853063345,"target":8690530785520,"tick":133},{"amount":52.0,"event":"hit_submit","phase":"combatants","segment":0,"source":8690530785520,"target":8688853063345,"tick":133},{"amount":0.0,"event":"death_commit","phase":"combatants","segment":-1,"source":-1,"target":8690530785520,"tick":133},{"amount":0.0,"event":"death_commit","phase":"combatants","segment":-1,"source":-1,"target":8688853063345,"tick":133}]
FAIRNESS tick=138 a=0.0 b=0.0 stages=1/1
FAIRNESS_TRACE [{"amount":52.0,"event":"hit_submit","phase":"combatants","segment":0,"source":8692544051440,"target":8694221772459,"tick":138},{"amount":52.0,"event":"hit_submit","phase":"combatants","segment":0,"source":8694221772459,"target":8692544051440,"tick":138},{"amount":0.0,"event":"death_commit","phase":"combatants","segment":-1,"source":-1,"target":8694221772459,"tick":138},{"amount":0.0,"event":"death_commit","phase":"combatants","segment":-1,"source":-1,"target":8692544051440,"tick":138}]
FAIRNESS tick=143 a=0.0 b=0.0 stages=1/1
FAIRNESS_TRACE [{"amount":52.0,"event":"hit_submit","phase":"combatants","segment":0,"source":8697711431357,"target":8696033711787,"tick":143},{"amount":52.0,"event":"hit_submit","phase":"combatants","segment":0,"source":8696033711787,"target":8697711431357,"tick":143},{"amount":0.0,"event":"death_commit","phase":"combatants","segment":-1,"source":-1,"target":8696033711787,"tick":143},{"amount":0.0,"event":"death_commit","phase":"combatants","segment":-1,"source":-1,"target":8697711431357,"tick":143}]
FAIRNESS tick=148 a=0.0 b=0.0 stages=1/1
FAIRNESS_TRACE [{"amount":52.0,"event":"hit_submit","phase":"combatants","segment":0,"source":8701201093056,"target":8699523370685,"tick":148},{"amount":52.0,"event":"hit_submit","phase":"combatants","segment":0,"source":8699523370685,"target":8701201093056,"tick":148},{"amount":0.0,"event":"death_commit","phase":"combatants","segment":-1,"source":-1,"target":8699523370685,"tick":148},{"amount":0.0,"event":"death_commit","phase":"combatants","segment":-1,"source":-1,"target":8701201093056,"tick":148}]
FAIRNESS tick=153 a=0.0 b=0.0 stages=1/1
FAIRNESS_TRACE [{"amount":52.0,"event":"hit_submit","phase":"combatants","segment":0,"source":8703013032384,"target":8704690755212,"tick":153},{"amount":52.0,"event":"hit_submit","phase":"combatants","segment":0,"source":8704690755212,"target":8703013032384,"tick":153},{"amount":0.0,"event":"death_commit","phase":"combatants","segment":-1,"source":-1,"target":8704690755212,"tick":153},{"amount":0.0,"event":"death_commit","phase":"combatants","segment":-1,"source":-1,"target":8703013032384,"tick":153}]
FAIRNESS tick=158 a=0.0 b=0.0 stages=1/1
FAIRNESS_TRACE [{"amount":52.0,"event":"hit_submit","phase":"combatants","segment":0,"source":8706502694540,"target":8708180415297,"tick":158},{"amount":52.0,"event":"hit_submit","phase":"combatants","segment":0,"source":8708180415297,"target":8706502694540,"tick":158},{"amount":0.0,"event":"death_commit","phase":"combatants","segment":-1,"source":-1,"target":8708180415297,"tick":158},{"amount":0.0,"event":"death_commit","phase":"combatants","segment":-1,"source":-1,"target":8706502694540,"tick":158}]
FAIRNESS tick=163 a=0.0 b=0.0 stages=1/1
FAIRNESS_TRACE [{"amount":52.0,"event":"hit_submit","phase":"combatants","segment":0,"source":8711670075391,"target":8709992354625,"tick":163},{"amount":52.0,"event":"hit_submit","phase":"combatants","segment":0,"source":8709992354625,"target":8711670075391,"tick":163},{"amount":0.0,"event":"death_commit","phase":"combatants","segment":-1,"source":-1,"target":8709992354625,"tick":163},{"amount":0.0,"event":"death_commit","phase":"combatants","segment":-1,"source":-1,"target":8711670075391,"tick":163}]
FAIRNESS tick=168 a=0.0 b=0.0 stages=1/1
FAIRNESS_TRACE [{"amount":52.0,"event":"hit_submit","phase":"combatants","segment":0,"source":8715159734441,"target":8713482014719,"tick":168},{"amount":52.0,"event":"hit_submit","phase":"combatants","segment":0,"source":8713482014719,"target":8715159734441,"tick":168},{"amount":0.0,"event":"death_commit","phase":"combatants","segment":-1,"source":-1,"target":8713482014719,"tick":168},{"amount":0.0,"event":"death_commit","phase":"combatants","segment":-1,"source":-1,"target":8715159734441,"tick":168}]
FAIRNESS tick=173 a=0.0 b=0.0 stages=1/1
FAIRNESS_TRACE [{"amount":52.0,"event":"hit_submit","phase":"combatants","segment":0,"source":8719169489065,"target":8720847213668,"tick":173},{"amount":52.0,"event":"hit_submit","phase":"combatants","segment":0,"source":8720847213668,"target":8719169489065,"tick":173},{"amount":0.0,"event":"death_commit","phase":"combatants","segment":-1,"source":-1,"target":8720847213668,"tick":173},{"amount":0.0,"event":"death_commit","phase":"combatants","segment":-1,"source":-1,"target":8719169489065,"tick":173}]
FAIRNESS tick=178 a=0.0 b=0.0 stages=1/1
FAIRNESS_TRACE [{"amount":52.0,"event":"hit_submit","phase":"combatants","segment":0,"source":8722659149993,"target":8724336875289,"tick":178},{"amount":52.0,"event":"hit_submit","phase":"combatants","segment":0,"source":8724336875289,"target":8722659149993,"tick":178},{"amount":0.0,"event":"death_commit","phase":"combatants","segment":-1,"source":-1,"target":8724336875289,"tick":178},{"amount":0.0,"event":"death_commit","phase":"combatants","segment":-1,"source":-1,"target":8722659149993,"tick":178}]
FAIRNESS tick=183 a=0.0 b=0.0 stages=1/1
FAIRNESS_TRACE [{"amount":52.0,"event":"hit_submit","phase":"combatants","segment":0,"source":8727826536480,"target":8726148810921,"tick":183},{"amount":52.0,"event":"hit_submit","phase":"combatants","segment":0,"source":8726148810921,"target":8727826536480,"tick":183},{"amount":0.0,"event":"death_commit","phase":"combatants","segment":-1,"source":-1,"target":8726148810921,"tick":183},{"amount":0.0,"event":"death_commit","phase":"combatants","segment":-1,"source":-1,"target":8727826536480,"tick":183}]
FAIRNESS tick=188 a=0.0 b=0.0 stages=1/1
FAIRNESS_TRACE [{"amount":52.0,"event":"hit_submit","phase":"combatants","segment":0,"source":8731316196179,"target":8729638471849,"tick":188},{"amount":52.0,"event":"hit_submit","phase":"combatants","segment":0,"source":8729638471849,"target":8731316196179,"tick":188},{"amount":0.0,"event":"death_commit","phase":"combatants","segment":-1,"source":-1,"target":8729638471849,"tick":188},{"amount":0.0,"event":"death_commit","phase":"combatants","segment":-1,"source":-1,"target":8731316196179,"tick":188}]
FAIRNESS tick=193 a=0.0 b=0.0 stages=1/1
FAIRNESS_TRACE [{"amount":52.0,"event":"hit_submit","phase":"combatants","segment":0,"source":8733128132777,"target":8734805856278,"tick":193},{"amount":52.0,"event":"hit_submit","phase":"combatants","segment":0,"source":8734805856278,"target":8733128132777,"tick":193},{"amount":0.0,"event":"death_commit","phase":"combatants","segment":-1,"source":-1,"target":8734805856278,"tick":193},{"amount":0.0,"event":"death_commit","phase":"combatants","segment":-1,"source":-1,"target":8733128132777,"tick":193}]
FAIRNESS tick=198 a=0.0 b=0.0 stages=1/1
FAIRNESS_TRACE [{"amount":52.0,"event":"hit_submit","phase":"combatants","segment":0,"source":8736550684841,"target":8738228409527,"tick":198},{"amount":52.0,"event":"hit_submit","phase":"combatants","segment":0,"source":8738228409527,"target":8736550684841,"tick":198},{"amount":0.0,"event":"death_commit","phase":"combatants","segment":-1,"source":-1,"target":8738228409527,"tick":198},{"amount":0.0,"event":"death_commit","phase":"combatants","segment":-1,"source":-1,"target":8736550684841,"tick":198}]
FAIRNESS tick=203 a=0.0 b=0.0 stages=1/1
FAIRNESS_TRACE [{"amount":52.0,"event":"hit_submit","phase":"combatants","segment":0,"source":8741650961863,"target":8739973236905,"tick":203},{"amount":52.0,"event":"hit_submit","phase":"combatants","segment":0,"source":8739973236905,"target":8741650961863,"tick":203},{"amount":0.0,"event":"death_commit","phase":"combatants","segment":-1,"source":-1,"target":8739973236905,"tick":203},{"amount":0.0,"event":"death_commit","phase":"combatants","segment":-1,"source":-1,"target":8741650961863,"tick":203}]
FAIRNESS tick=208 a=0.0 b=0.0 stages=1/1
FAIRNESS_TRACE [{"amount":52.0,"event":"hit_submit","phase":"combatants","segment":0,"source":8745073511956,"target":8743395788969,"tick":208},{"amount":52.0,"event":"hit_submit","phase":"combatants","segment":0,"source":8743395788969,"target":8745073511956,"tick":208},{"amount":0.0,"event":"death_commit","phase":"combatants","segment":-1,"source":-1,"target":8743395788969,"tick":208},{"amount":0.0,"event":"death_commit","phase":"combatants","segment":-1,"source":-1,"target":8745073511956,"tick":208}]
EXTRA_FAIRNESS_TRACE [{"amount":52.0,"event":"hit_submit","phase":"combatants","segment":0,"source":8806058691358,"target":8807736416875,"tick":867},{"amount":52.0,"event":"hit_submit","phase":"combatants","segment":0,"source":8807736416875,"target":8806058691358,"tick":867},{"amount":52.0,"event":"hit_submit","phase":"combatants","segment":1,"source":8806058691358,"target":8807736416875,"tick":882},{"amount":52.0,"event":"hit_submit","phase":"combatants","segment":1,"source":8807736416875,"target":8806058691358,"tick":882},{"amount":52.0,"event":"hit_submit","phase":"combatants","segment":2,"source":8806058691358,"target":8807736416875,"tick":897},{"amount":52.0,"event":"hit_submit","phase":"combatants","segment":2,"source":8807736416875,"target":8806058691358,"tick":897},{"amount":26.0,"event":"hit_submit","phase":"combatants","segment":2,"source":8806058691358,"target":8807736416875,"tick":900},{"amount":26.0,"event":"hit_submit","phase":"combatants","segment":2,"source":8807736416875,"target":8806058691358,"tick":900},{"amount":0.0,"event":"death_commit","phase":"combatants","segment":-1,"source":-1,"target":8807736416875,"tick":900},{"amount":0.0,"event":"death_commit","phase":"combatants","segment":-1,"source":-1,"target":8806058691358,"tick":900}]
EXTRA_FAIRNESS_TRACE [{"amount":52.0,"event":"hit_submit","phase":"combatants","segment":0,"source":8813071571563,"target":8814749293360,"tick":905},{"amount":52.0,"event":"hit_submit","phase":"combatants","segment":0,"source":8814749293360,"target":8813071571563,"tick":905},{"amount":52.0,"event":"hit_submit","phase":"combatants","segment":1,"source":8813071571563,"target":8814749293360,"tick":920},{"amount":52.0,"event":"hit_submit","phase":"combatants","segment":1,"source":8814749293360,"target":8813071571563,"tick":920},{"amount":52.0,"event":"hit_submit","phase":"combatants","segment":2,"source":8813071571563,"target":8814749293360,"tick":935},{"amount":52.0,"event":"hit_submit","phase":"combatants","segment":2,"source":8814749293360,"target":8813071571563,"tick":935},{"amount":26.0,"event":"hit_submit","phase":"combatants","segment":2,"source":8813071571563,"target":8814749293360,"tick":938},{"amount":26.0,"event":"hit_submit","phase":"combatants","segment":2,"source":8814749293360,"target":8813071571563,"tick":938},{"amount":0.0,"event":"death_commit","phase":"combatants","segment":-1,"source":-1,"target":8814749293360,"tick":938},{"amount":0.0,"event":"death_commit","phase":"combatants","segment":-1,"source":-1,"target":8813071571563,"tick":938}]
[套件] TerminalAudioSuite
WARNING: 水晶终局音频缺失：world_nexus_chaos
     at: push_warning (core/variant/variant_utility.cpp:1033)
     GDScript backtrace (most recent call first):
         [0] play_nexus_destruction (res://scripts/audio/game_audio_manager.gd:857)
         [1] finish_match_audio (res://scripts/audio/game_audio_manager.gd:883)
         [2] run (res://tests/suites/terminal_audio_suite.gd:46)
WARNING: 水晶终局音频缺失：world_nexus_order
     at: push_warning (core/variant/variant_utility.cpp:1033)
     GDScript backtrace (most recent call first):
         [0] play_nexus_destruction (res://scripts/audio/game_audio_manager.gd:857)
         [1] finish_match_audio (res://scripts/audio/game_audio_manager.gd:883)
         [2] run (res://tests/suites/terminal_audio_suite.gd:50)
WARNING: 水晶终局音频缺失：world_nexus_chaos
     at: push_warning (core/variant/variant_utility.cpp:1033)
     GDScript backtrace (most recent call first):
         [0] play_nexus_destruction (res://scripts/audio/game_audio_manager.gd:857)
         [1] finish_match_audio (res://scripts/audio/game_audio_manager.gd:883)
         [2] run (res://tests/suites/terminal_audio_suite.gd:50)
[套件] BuildingExpiryBoundarySuite
EXPIRY_BOUNDARY permutation=0 tick=5 state=[0, 0.0, 100.0, 0.0, true]
EXPIRY_BOUNDARY permutation=1 tick=10 state=[0, 0.0, 100.0, 0.0, true]
EXPIRY_BOUNDARY permutation=2 tick=15 state=[0, 0.0, 100.0, 0.0, true]
EXPIRY_BOUNDARY permutation=3 tick=20 state=[0, 0.0, 100.0, 0.0, true]
EXPIRY_BOUNDARY permutation=4 tick=25 state=[0, 0.0, 100.0, 0.0, true]
EXPIRY_BOUNDARY permutation=5 tick=30 state=[0, 0.0, 100.0, 0.0, true]
EXPIRY_BOUNDARY permutation=6 tick=35 state=[0, 0.0, 100.0, 0.0, true]
EXPIRY_BOUNDARY permutation=7 tick=40 state=[0, 0.0, 100.0, 0.0, true]
EXPIRY_BOUNDARY permutation=8 tick=45 state=[0, 0.0, 100.0, 0.0, true]
EXPIRY_BOUNDARY permutation=9 tick=50 state=[0, 0.0, 100.0, 0.0, true]
EXPIRY_BOUNDARY permutation=10 tick=55 state=[0, 0.0, 100.0, 0.0, true]
EXPIRY_BOUNDARY permutation=11 tick=60 state=[0, 0.0, 100.0, 0.0, true]
EXPIRY_BOUNDARY permutation=12 tick=65 state=[0, 0.0, 100.0, 0.0, true]
EXPIRY_BOUNDARY permutation=13 tick=70 state=[0, 0.0, 100.0, 0.0, true]
EXPIRY_BOUNDARY permutation=14 tick=75 state=[0, 0.0, 100.0, 0.0, true]
EXPIRY_BOUNDARY permutation=15 tick=80 state=[0, 0.0, 100.0, 0.0, true]
[套件] KnockbackBoundarySuite
[套件] ShurimaGuardSuite
[机制检查] 全部通过（3548 项断言）
[MECHANICS_RESULT] {"checks":3548,"completed_suites":["maintenance_suite","CardDBValidationSuite","ContentContractSuite","DeckBuilderSuite","maintenance_contracts","numeric_system_suite","ArenaDeploymentSuite","AUDIO_PRESENTATION_SUITE_SCRIPT","PresentationSuite","BuildingMinionSuite","NavigationCollisionSuite","ActiveSkillSuite","workbench_suite","AnimationStateSuite","cards/sett_animation_suite","HeroSkillReworkSuite","CombatTargetingSuite","GnarSuite","XinSuite","GwenSuite","TwistedFateSuite","AurelionSolSuite","MissFortuneSuite","PixSuite","ANIVIA_SUITE_SCRIPT","ProjectileSuite","network_lifecycle_suite","workbench_scenario_suite","building_placement_suite","payment_suite","shield_suite","session_suite","terminal_state_suite","CombatBatchSuite","TerminalAudioSuite","BuildingExpiryBoundarySuite","KnockbackBoundarySuite","ShurimaGuardSuite"],"failed":0,"schema":1}
